// Jest Snapshot v1, https://goo.gl/fbAQLP

exports[`should render correctly 1`] = `
<div
  className="reset-page"
>
  <h1
    className="text-center spacer-bottom"
  >
    my_account.reset_password
  </h1>
  <h2
    className="text-center huge-spacer-bottom"
  >
    my_account.reset_password.explain
  </h2>
  <Connect(GlobalMessages) />
  <div
    className="reset-form"
  >
    <ResetPassword
      onPasswordChange={[Function]}
      user={
        Object {
          "groups": Array [],
          "isLoggedIn": true,
          "login": "luke",
          "name": "Skywalker",
          "scmAccounts": Array [],
        }
      }
    />
  </div>
</div>
`;
