// Jest Snapshot v1, https://goo.gl/fbAQLP

exports[`should render correctly 1`] = `
<Fragment>
  <li
    className="abs-width-600"
  >
    <SentenceWithFilename
      filename="sonar-project.properties"
      translationKey="onboarding.tutorial.with.jenkins.jenkinsfile.other.step2"
    />
    <CodeSnippet
      snippet="sonar.projectKey=my-project"
    />
  </li>
  <CreateJenkinsfileBulletPoint
    alertTranslationKeyPart="onboarding.tutorial.with.jenkins.jenkinsfile.other.step3"
    snippet="node {
  stage('SCM') {
    checkout scm
  }
  stage('SonarQube Analysis') {
    def scannerHome = tool 'SonarScanner';
    withSonarQubeEnv() {
      sh \\"\${scannerHome}/bin/sonar-scanner\\"
    }
  }
}"
  />
</Fragment>
`;
