// Jest Snapshot v1, https://goo.gl/fbAQLP

exports[`should render correctly 1`] = `
<Fragment>
  <Suggestions
    suggestions="project_baseline"
  />
  <div
    className="page page-limited"
  >
    <AppHeader
      canAdmin={true}
    />
    <DeferredSpinner
      timeout={100}
    />
  </div>
</Fragment>
`;
