// Jest Snapshot v1, https://goo.gl/fbAQLP

exports[`should render correctly: Step wrapper 1`] = `
<Step
  finished={false}
  onOpen={[MockFunction]}
  open={true}
  renderForm={[Function]}
  stepNumber={1}
  stepTitle="onboarding.tutorial.with.jenkins.multi_branch_pipeline.title"
/>
`;

exports[`should render correctly: content 1`] = `
<div
  className="boxed-group-inner"
>
  <p
    className="big-spacer-bottom"
  >
    onboarding.tutorial.with.jenkins.multi_branch_pipeline.intro
  </p>
  <ol
    className="list-styled"
  >
    <li>
      <SentenceWithHighlights
        highlightKeys={
          Array [
            "new_item",
            "type",
          ]
        }
        translationKey="onboarding.tutorial.with.jenkins.multi_branch_pipeline.step1"
      />
    </li>
    <li>
      <SentenceWithHighlights
        highlightKeys={
          Array [
            "tab",
          ]
        }
        translationKey="onboarding.tutorial.with.jenkins.multi_branch_pipeline.step2"
      />
      <ul
        className="list-styled"
      >
        <li>
          <LabelActionPair
            translationKey="onboarding.tutorial.with.jenkins.multi_branch_pipeline.step2.server"
          />
        </li>
        <li>
          <LabelActionPair
            translationKey="onboarding.tutorial.with.jenkins.multi_branch_pipeline.step2.creds"
          />
        </li>
        <li>
          <LabelValuePair
            translationKey="onboarding.tutorial.with.jenkins.multi_branch_pipeline.step2.owner"
            value="PROJECT_KEY"
          />
        </li>
        <li>
          <LabelValuePair
            translationKey="onboarding.tutorial.with.jenkins.multi_branch_pipeline.step2.repo"
            value="repo-slug"
          />
        </li>
        <li>
          <LabelActionPair
            translationKey="onboarding.tutorial.with.jenkins.multi_branch_pipeline.step2.behaviour"
          />
        </li>
      </ul>
    </li>
    <li>
      <SentenceWithHighlights
        highlightKeys={
          Array [
            "tab",
          ]
        }
        translationKey="onboarding.tutorial.with.jenkins.multi_branch_pipeline.step3"
      />
      <ul
        className="list-styled"
      >
        <li>
          <LabelActionPair
            translationKey="onboarding.tutorial.with.jenkins.multi_branch_pipeline.step3.mode"
          />
        </li>
        <li>
          <LabelActionPair
            translationKey="onboarding.tutorial.with.jenkins.multi_branch_pipeline.step3.script_path"
          />
        </li>
      </ul>
    </li>
    <li>
      <SentenceWithHighlights
        highlightKeys={
          Array [
            "save",
          ]
        }
        translationKey="onboarding.tutorial.with.jenkins.multi_branch_pipeline.step4"
      />
    </li>
  </ol>
  <Button
    onClick={[MockFunction]}
  >
    continue
  </Button>
</div>
`;
