// Jest Snapshot v1, https://goo.gl/fbAQLP

exports[`should render correctly: with branch support 1`] = `
<div
  className="bordered"
>
  <AlmTab
    additionalColumnsHeaders={
      Array [
        "settings.almintegration.table.column.github.url",
        "settings.almintegration.table.column.app_id",
      ]
    }
    additionalColumnsKeys={
      Array [
        "url",
        "appId",
      ]
    }
    additionalTableInfo={
      <Alert
        className="big-spacer-bottom width-50"
        variant="info"
      >
        <FormattedMessage
          defaultMessage="settings.almintegration.feature.alm_repo_import.disabled_if_multiple_github_instances"
          id="settings.almintegration.feature.alm_repo_import.disabled_if_multiple_github_instances"
          values={
            Object {
              "feature": <em>
                settings.almintegration.feature.alm_repo_import.title
              </em>,
            }
          }
        />
      </Alert>
    }
    alm="github"
    createConfiguration={[Function]}
    defaultBinding={
      Object {
        "appId": "",
        "clientId": "",
        "clientSecret": "",
        "key": "",
        "privateKey": "",
        "url": "",
      }
    }
    definitions={
      Array [
        Object {
          "appId": "123456",
          "clientId": "client1",
          "clientSecret": "**clientsecret**",
          "key": "key",
          "privateKey": "asdf1234",
          "url": "http://github.enterprise.com",
        },
      ]
    }
    features={
      Array [
        Object {
          "active": true,
          "description": "settings.almintegration.feature.pr_decoration.description",
          "inactiveReason": "settings.almintegration.feature.need_at_least_1_binding",
          "name": "settings.almintegration.feature.pr_decoration.title",
        },
        Object {
          "active": true,
          "description": "settings.almintegration.feature.alm_repo_import.description",
          "inactiveReason": <React.Fragment>
            <WarningIcon
              className="little-spacer-right"
            />
            <FormattedMessage
              defaultMessage="settings.almintegration.feature.alm_repo_import.github.requires_fields"
              id="settings.almintegration.feature.alm_repo_import.github.requires_fields"
              values={
                Object {
                  "clientId": <strong>
                    clientId
                  </strong>,
                  "clientSecret": <strong>
                    clientSecret
                  </strong>,
                }
              }
            />
          </React.Fragment>,
          "name": "settings.almintegration.feature.alm_repo_import.title",
        },
      ]
    }
    form={[Function]}
    loadingAlmDefinitions={false}
    loadingProjectCount={false}
    multipleAlmEnabled={true}
    onDelete={[MockFunction]}
    onUpdateDefinitions={[MockFunction]}
    updateConfiguration={[Function]}
  />
  <div
    className="huge-spacer-top huge-spacer-bottom bordered-top"
  />
  <div
    className="big-padded"
  >
    <Connect(SubCategoryDefinitionsList)
      category="almintegration"
      subCategory="github"
    />
  </div>
</div>
`;

exports[`should render correctly: without branch support 1`] = `
<div
  className="bordered"
>
  <div
    className="big-padded"
  >
    <Connect(SubCategoryDefinitionsList)
      category="almintegration"
      subCategory="github"
    />
  </div>
</div>
`;
