// Jest Snapshot v1, https://goo.gl/fbAQLP

exports[`Should renders correctly 1`] = `
<div>
  <div>
    <h4
      className="spacer-bottom huge-spacer-top"
    >
      onboarding.analysis.msbuild.header
    </h4>
    <p
      className="spacer-bottom markdown"
    >
      <FormattedMessage
        defaultMessage="onboarding.analysis.msbuild.text"
        id="onboarding.analysis.msbuild.text"
        values={
          Object {
            "code": <code>
              %PATH%
            </code>,
          }
        }
      />
    </p>
    <p>
      <Link
        className="button"
        onlyActiveOnIndex={false}
        style={Object {}}
        target="_blank"
        to="/documentation/analysis/scan/sonarscanner-for-msbuild/"
      >
        download_verb
      </Link>
    </p>
  </div>
  <DotNetExecute
    commands={
      Array [
        "SonarScanner.MSBuild.exe begin /k:\\"projectKey\\" /d:sonar.host.url=\\"host\\" /d:sonar.login=\\"token\\"",
        "MsBuild.exe /t:Rebuild",
        "SonarScanner.MSBuild.exe end /d:sonar.login=\\"token\\"",
      ]
    }
  />
</div>
`;
