// Jest Snapshot v1, https://goo.gl/fbAQLP

exports[`renders correctly 1`] = `
<div>
  <SQScanner
    os="linux"
  />
  <ExecScanner
    host="host"
    os="linux"
    projectKey="projectKey"
    token="token"
  />
</div>
`;
