// Jest Snapshot v1, https://goo.gl/fbAQLP

exports[`should render correctly: default 1`] = `
<td
  className="source-meta source-line-number"
  data-line-number={3}
>
  <Dropdown
    overlay={
      <Memo(LineOptionsPopup)
        line={
          Object {
            "line": 3,
          }
        }
      />
    }
    overlayPlacement="right-top"
  >
    <span
      aria-label="source_viewer.line_X.3"
      role="button"
    >
      3
    </span>
  </Dropdown>
</td>
`;

exports[`should render correctly: no line number 1`] = `
<td
  className="source-meta source-line-number"
/>
`;
